C:\Tender Management\Tender-Management-System\tendermanagement\src\com\hit\beans\VendorBean.java
C:\Tender Management\Tender-Management-System\tendermanagement\src\com\hit\beans\NoticeBean.java
C:\Tender Management\Tender-Management-System\tendermanagement\src\com\hit\srv\UpdateProfileSrv.java
C:\Tender Management\Tender-Management-System\tendermanagement\src\com\hit\srv\UpdateNoticeSrv.java
C:\Tender Management\Tender-Management-System\tendermanagement\src\com\hit\dao\NoticeDao.java
C:\Tender Management\Tender-Management-System\tendermanagement\src\com\hit\srv\BidTenderSrv.java
C:\Tender Management\Tender-Management-System\tendermanagement\src\com\hit\beans\BidderBean.java
C:\Tender Management\Tender-Management-System\tendermanagement\src\com\hit\dao\TenderDao.java
C:\Tender Management\Tender-Management-System\tendermanagement\src\com\hit\srv\LoginSrv.java
C:\Tender Management\Tender-Management-System\tendermanagement\src\com\hit\dao\BidderDaoImpl.java
C:\Tender Management\Tender-Management-System\tendermanagement\src\com\hit\dao\BidderDao.java
C:\Tender Management\Tender-Management-System\tendermanagement\src\com\hit\utility\DBUtil.java
C:\Tender Management\Tender-Management-System\tendermanagement\src\com\hit\beans\TenderBean.java
C:\Tender Management\Tender-Management-System\tendermanagement\src\com\hit\srv\ChangePasswordSrv.java
C:\Tender Management\Tender-Management-System\tendermanagement\src\com\hit\srv\LogoutSrv.java
C:\Tender Management\Tender-Management-System\tendermanagement\src\com\hit\srv\CreateTenderSrv.java
C:\Tender Management\Tender-Management-System\tendermanagement\src\com\hit\dao\NoticeDaoImpl.java
C:\Tender Management\Tender-Management-System\tendermanagement\src\com\hit\srv\RemoveNoticeSrv.java
C:\Tender Management\Tender-Management-System\tendermanagement\src\com\hit\utility\IDUtil.java
C:\Tender Management\Tender-Management-System\tendermanagement\src\com\hit\srv\RegisterSrv.java
C:\Tender Management\Tender-Management-System\tendermanagement\src\com\hit\srv\AcceptBidSrv.java
C:\Tender Management\Tender-Management-System\tendermanagement\src\com\hit\beans\TenderStatusBean.java
C:\Tender Management\Tender-Management-System\tendermanagement\src\com\hit\srv\AddNoticeSrv.java
C:\Tender Management\Tender-Management-System\tendermanagement\src\com\hit\dao\VendorDaoImpl.java
C:\Tender Management\Tender-Management-System\tendermanagement\src\com\hit\srv\RejectBidSrv.java
C:\Tender Management\Tender-Management-System\tendermanagement\src\com\hit\dao\VendorDao.java
C:\Tender Management\Tender-Management-System\tendermanagement\src\com\hit\dao\TenderDaoImpl.java
